Starting test...
